APP0.WORD_FIRMWARE_APP                                                1            0            4      1     32      0    0   RO
APP0.WORD_REVISION_APP                                                1            4            4      1     32      0    0   RO
APP0.WORD_TIMESTAMP_APP                                               1            8            4      1     32      0    0   RO
APP0.WORD_USER_APP                                                    1           12            4      1     32      0    0   RW
APP0.WORD_DAQ_ENABLE                                                  1          128            4      1      2      0    0   RW
APP0.WORD_DAQ_MUX                                                     2          132            8      1      8      0    0   RW
APP0.WORD_TIMING_INT_ENA                                              1          140            4      1     12      0    0   RW
APP0.WORD_TIMING_TRG_SEL                                              1          144            4      1      4      0    0   RW
APP0.WORD_TIMING_FREQ                                                12          152           48      1     32      0    0   RW
APP0.WORD_TIMING_CNT                                                 12          200           48      1     32      0    0   RW
APP0.WORD_STATUS                                                      1          256            4      1     32      0    0   RW
APP0.WORD_IQ_COS                                                     24         2048           96      1     18      0    1   RW
APP0.WORD_IQ_SIN                                                     24         4096           96      1     18      0    1   RW
APP0.WORD_IIR_COEF0                                                   5        32768           20      1     25      0    1   RW
APP0.WORD_IIR_COEF1                                                   5        32832           20      1     25      0    1   RW
APP0.WORD_IIR_COEF2                                                   5        32896           20      1     25      0    1   RW
APP0.WORD_IIR_COEF3                                                   5        32960           20      1     25      0    1   RW
APP0.WORD_IIR_COEF4                                                   5        33024           20      1     25      0    1   RW
APP0.WORD_IIR_COEF5                                                   5        33088           20      1     25      0    1   RW
APP0.WORD_IIR_COEF6                                                   5        33152           20      1     25      0    1   RW
APP0.WORD_IIR_COEF7                                                   5        33216           20      1     25      0    1   RW
APP0.WORD_IIR_COEF8                                                   5        33280           20      1     25      0    1   RW
APP0.WORD_IIR_COEF9                                                   5        33344           20      1     25      0    1   RW
APP0.WORD_IIR_COEF_VALID                                              1        33376            4      1      1      0    0   RW
APP0.WORD_VS_SHIFT                                                    1          512            4      1      3      0    0   RW
APP0.WORD_VS_CHAN_ENA                                                 1          516            4      1      8      0    0   RW
APP0.WORD_FD_AMP_LIMIT_ACTIVE                                         1          520            4      1      8      0    0   RO
APP0.WORD_FD_AMP_LIMIT                                                8          524           32      1     18      0    1   RW
APP0.WORD_FD_AMP_LIMIT_ACTIVE_PRE                                     1          564            4      1      8      0    0   RO
APP0.WORD_FD_AMP_LIMIT_PRE                                            8          568           32      1     18      0    1   RW
APP0.WORD_FD_AMP_LIMIT_DISABLE                                        1          608            4      1      8      0    0   RW
APP0.WORD_VS_ROT_RE                                                   1         1024            4      1     18      0    1   RW
APP0.WORD_VS_ROT_IM                                                   1         1028            4      1     18      0    1   RW
APP0.BIT_SP_CORR_ENA                                                  1         1032            4      1      1      0    0   RW
APP0.BIT_FB_ENA                                                       1         1036            4      1      1      0    0   RW
APP0.BIT_FF_ENA                                                       1         1040            4      1      1      0    0   RW
APP0.BIT_FF_CORR_ENA                                                  1         1044            4      1      1      0    0   RW
APP0.BIT_CTL_TABLES_BUF                                               1         1048            4      1     10      0    0   RW
APP0.AREA_FF_I                                                    16384        65536        65536      1     18      0    1   RW
APP0.AREA_FF_Q                                                    16384       131072        65536      1     18      0    1   RW
APP0.AREA_FF_CORR_I                                               16384       196608        65536      1     18      0    1   RW
APP0.AREA_FF_CORR_Q                                               16384       262144        65536      1     18      0    1   RW
APP0.AREA_SP_I                                                    16384       327680        65536      1     18      0    1   RW
APP0.AREA_SP_Q                                                    16384       393216        65536      1     18      0    1   RW
APP0.AREA_SP_CORR_I                                               16384       458752        65536      1     18      0    1   RW
APP0.AREA_SP_CORR_Q                                               16384       524288        65536      1     18      0    1   RW
APP0.AREA_GP_I                                                    16384       589824        65536      1     18      0    1   RW
APP0.AREA_GP_Q                                                    16384       655360        65536      1     18      0    1   RW
APP0.WORD_GC_I                                                        1         1052            4      1     18      0    1   RW
APP0.WORD_GC_Q                                                        1         1056            4      1     18      0    1   RW
APP0.WORD_GI_I                                                        1         1060            4      1     18      0    1   RW
APP0.WORD_GI_Q                                                        1         1064            4      1     18      0    1   RW
APP0.WORD_MIMO_A11                                                    2         8192            8      1     18      0    1   RW
APP0.WORD_MIMO_A12                                                    2         8224            8      1     18      0    1   RW
APP0.WORD_MIMO_A21                                                    2         8256            8      1     18      0    1   RW
APP0.WORD_MIMO_A22                                                    2         8288            8      1     18      0    1   RW
APP0.WORD_MIMO_B11                                                    3         8320           12      1     18      0    1   RW
APP0.WORD_MIMO_B12                                                    3         8352           12      1     18      0    1   RW
APP0.WORD_MIMO_B21                                                    3         8368           12      1     18      0    1   RW
APP0.WORD_MIMO_B22                                                    3         8400           12      1     18      0    1   RW
APP0.WORD_MIMO_ENA                                                    1         8432            4      1      1      0    0   RW
APP0.WORD_MIMO_COEF_VALID                                             1         8436            4      1      1      0    0   RW
APP0.WORD_CNTRL_I_LIMIT                                               1         1068            4      1     18      0    1   RW
APP0.WORD_CNTRL_Q_LIMIT                                               1         1072            4      1     18      0    1   RW
APP0.WORD_OUT_ROT_RE                                                  1         1076            4      1     18      0    1   RW
APP0.WORD_OUT_ROT_IM                                                  1         1080            4      1     18      0    1   RW
APP0.WORD_GAIN_CORR                                                   1         1084            4      1     18      0    1   RW
APP0.WORD_Q_SIGN                                                      1         1088            4      1      1      0    0   RW
APP0.WORD_DAC_OFFSET                                                  2         1120            8      1     18      0    1   RW
APP0.WORD_OUT_AMP_LIMIT                                               1         1128            4      1     18      0    0   RW
APP0.WORD_OUT_AMP_LIMIT_ENA                                           1         1132            4      1      1      0    0   RW
APP0.BIT_DAC_MEM_ENA                                                  1         1184            4      1      1      0    0   RW
APP0.AREA_DAC_I_MEM                                                  64        17152          256      1     16      0    0   RW
APP0.AREA_DAC_Q_MEM                                                  64        17408          256      1     16      0    0   RW
APP0.WORD_PROT_PLEVA                                                  1         1200            4      1     18      0    1   RW
APP0.WORD_PROT_PLEVB                                                  1         1204            4      1     18      0    1   RW
APP0.WORD_PROT_PLEVS                                                  1         1208            4      1     18      0    1   RW
APP0.WORD_PROT_T0                                                     1         1212            4      1     18      0    0   RW
APP0.WORD_PROT_T1                                                     1         1216            4      1     18      0    0   RW
APP0.WORD_PROT_FL_ENA                                                 1         1220            4      1     18      0    0   RW
APP0.WORD_PROT_ENA_N                                                  1         1224            4      1      1      0    0   RW
APP0.VAR_CON_RTM_TYPE                                              1024       786432         4096      1     32      0    0   RW
DWC8VM10.WORD_FIRMWARE                                                1       786432            4      1     32      0    0   RO
DWC8VM10.WORD_REVISION                                                1       786436            4      1     32      0    0   RO
DWC8VM10.WORD_INTERLOCK                                               1       786464            4      1      2      0    0   RW
DWC8VM10.WORD_ATT_SEL                                                 1       786468            4      1     10      0    0   RW
DWC8VM10.WORD_ATT_VAL                                                 1       786472            4      1      6      0    0   RW
DWC8VM10.WORD_ATT_STATUS                                              1       786476            4      1      1      0    0   RO
DWC8VM10.WORD_ADC_STATUS                                              1       786496            4      1      4      0    0   RO
DWC8VM10.WORD_ADC_A                                                   1       786500            4      1     25      0    1   RO
DWC8VM10.WORD_ADC_B                                                   1       786504            4      1     25      0    1   RO
DWC8VM10.WORD_ADC_C                                                   1       786508            4      1     25      0    1   RO
DWC8VM10.WORD_ADC_D                                                   1       786512            4      1     25      0    1   RO
DWC8VM10.WORD_ADC_RD_ENA                                              1       786516            4      1      1      0    0   RW
DWC8VM10.WORD_DACAB                                                   1       786528            4      1     12      0    0   RW
DWC8VM10.WORD_DAC_STATUS                                              1       786532            4      1      4      0    0   RO
DWC8VM10.WORD_DAC                                                     2       786536            8      1     12      0    0   RW
DWC8VM10.WORD_HYT271_TEMP                                             1       786560            4      1     14      0    0   RO
DWC8VM10.WORD_HYT271_HUMI                                             1       786564            4      1     14      0    0   RO
DWC8VM10.WORD_HYT271_RD_ENA                                           1       786568            4      1      1      0    0   RW
APP0.WORD_LLL_AMP_LIMIT                                               1         1136            4      1     18      0    1   RW
APP0.WORD_LLL_AMP_LIMIT_ENA                                           1         1140            4      1      1      0    0   RW
APP0.WORD_LLL_GP                                                      1         1144            4      1     18      0    1   RW
APP0.WORD_LLL_GI                                                      1         1148            4      1     18      0    1   RW
BOARD0.WORD_FIRMWARE                                                  1            0            4      0     32      0    0   RO
BOARD0.WORD_REVISION                                                  1            4            4      0     32      0    0   RO
BOARD0.WORD_TIMESTAMP                                                 1            8            4      0     32      0    0   RO
BOARD0.WORD_CLK_FREQ                                                  6           32           24      0     32      0    0   RW
BOARD0.WORD_TRG_CNT                                                   8           64           32      0     32      0    0   RW
BOARD0.WORD_LLL_STATUS                                                6          192           24      0     32      0    0   RW
BOARD0.WORD_LLL_LOOPBACK                                              6          224           24      0      3      0    0   RW
BOARD0.WORD_CLK_MUX                                                   6          128           24      0      2      0    0   RW
BOARD0.WORD_CLK_RST                                                   1          152            4      0      1      0    0   RW
BOARD0.WORD_CLK_SEL                                                   1          156            4      0      2      0    0   RW
BOARD0.AREA_SPI_DIV                                                 256         4096         1024      0      8      0    0   RW
BOARD0.AREA_PLL                                                     512        16384         2048      0      8      0    0   RW
BOARD0.AREA_PLL_CONF                                                512        12288         2048      0     24      0    0   RW
BOARD0.WORD_PLL_CONF_STR                                              1          272            4      0      2      0    0   RW
BOARD0.WORD_PLL_CONF_RST                                              1          276            4      0      1      0    0   RW
BOARD0.WORD_ADC_ENA                                                   1          256            4      0      1      0    0   RW
BOARD0.WORD_ADC_OV                                                    1          260            4      0     10      0    0   RO
BOARD0.AREA_SPI_ADC                                                 256         8192         1024      0      8      0    0   RW
BOARD0.WORD_ADC_FIFO_RESET                                            1          264            4      0     10      0    0   RW
BOARD0.WORD_ADC_FIFO_DELAY                                           10          320           40      0      8      0    0   RW
BOARD0.WORD_BOOT_STATUS                                               1          384            4      0      1      0    0   RW
BOARD0.AREA_BOOT                                                  16384        65536        65536      0     32      0    0   RW
BOARD0.WORD_IDELAY_SEL                                                1          464            4      0      8      0    0   RW
BOARD0.WORD_IDELAY_INC                                                1          468            4      0      1      0    0   RW
BOARD0.WORD_RESET_N                                                   1          512            4      0      1      0    0   RW
BOARD0.WORD_USER                                                      1          516            4      0     32      0    0   RW
BOARD0.WORD_DAC_ENA                                                   1          520            4      0      1      0    0   RW
BOARD0.WORD_MLVDS_OE                                                  1          524            4      0      8      0    0   RW
BOARD0.WORD_MLVDS_O                                                   1          528            4      0      8      0    0   RW
BOARD0.WORD_MLVDS_I                                                   1          532            4      0      8      0    0   RO
BOARD0.WORD_CLK_PHASE_INCDEC                                          1          536            4      0      1      0    0   RW
BOARD0.WORD_DAC_IDELAY_SEL                                            1          540            4      0      1      0    0   RW
BOARD0.WORD_DAC_IDELAY_INC                                            1          544            4      0      1      0    0   RW
BOARD0.WORD_DAC_IDELAY_CNT                                            1          548            4      0      5      0    0   RO
BOARD0.WORD_ADC_IDELAY_CNT                                            5          592           20      0      5      0    0   RO
BOARD0.WORD_ADC_REVERT_CLK                                            1          656            4      0      5      0    0   RW
BOARD0.AREA_DMA                                                67108864            0    268435456     13     32      0    0   RO
